120.25.201.108 - - [02/Feb/2019:09:44:31 +0000] "POST /nuoxi.php HTTP/1.0" 404 179 "-" "Mozilla/5.0 (X11; Linux x86_64; rv:28.0) Gecko/20100101 Firefox/28.0"
120.25.201.108 - - [02/Feb/2019:09:44:31 +0000] "POST /godkey.php HTTP/1.0" 404 179 "-" "Mozilla/5.0 (X11; Linux x86_64; rv:28.0) Gecko/20100101 Firefox/28.0"
120.25.201.108 - - [02/Feb/2019:09:44:32 +0000] "POST /okokok.php HTTP/1.0" 404 179 "-" "Mozilla/5.0 (X11; Linux x86_64; rv:28.0) Gecko/20100101 Firefox/28.0"
120.25.201.108 - - [02/Feb/2019:09:44:33 +0000] "POST /erwa.php HTTP/1.0" 404 179 "-" "Mozilla/5.0 (X11; Linux x86_64; rv:28.0) Gecko/20100101 Firefox/28.0"
120.25.201.108 - - [02/Feb/2019:09:44:33 +0000] "POST /pma.php HTTP/1.0" 404 179 "-" "Mozilla/5.0 (X11; Linux x86_64; rv:28.0) Gecko/20100101 Firefox/28.0"
120.25.201.108 - - [02/Feb/2019:09:44:33 +0000] "POST /ruyi.php HTTP/1.0" 404 179 "-" "Mozilla/5.0 (X11; Linux x86_64; rv:28.0) Gecko/20100101 Firefox/28.0"
120.25.201.108 - - [02/Feb/2019:09:44:34 +0000] "POST /51314.php HTTP/1.0" 404 179 "-" "Mozilla/5.0 (X11; Linux x86_64; rv:28.0) Gecko/20100101 Firefox/28.0"
120.25.201.108 - - [02/Feb/2019:09:44:34 +0000] "POST /5201314.php HTTP/1.0" 404 179 "-" "Mozilla/5.0 (X11; Linux x86_64; rv:28.0) Gecko/20100101 Firefox/28.0"
120.25.201.108 - - [02/Feb/2019:09:44:34 +0000] "POST /fusheng.php HTTP/1.0" 404 179 "-" "Mozilla/5.0 (X11; Linux x86_64; rv:28.0) Gecko/20100101 Firefox/28.0"
120.25.201.108 - - [02/Feb/2019:09:44:34 +0000] "POST /general.php HTTP/1.0" 404 179 "-" "Mozilla/5.0 (X11; Linux x86_64; rv:28.0) Gecko/20100101 Firefox/28.0"
120.25.201.108 - - [02/Feb/2019:09:44:35 +0000] "POST /repeat.php HTTP/1.0" 404 179 "-" "Mozilla/5.0 (X11; Linux x86_64; rv:28.0) Gecko/20100101 Firefox/28.0"
120.25.201.108 - - [02/Feb/2019:09:44:35 +0000] "POST /ldw.php HTTP/1.0" 404 179 "-" "Mozilla/5.0 (X11; Linux x86_64; rv:28.0) Gecko/20100101 Firefox/28.0"
120.25.201.108 - - [02/Feb/2019:09:44:35 +0000] "POST /api.php HTTP/1.0" 404 179 "-" "Mozilla/5.0 (X11; Linux x86_64; rv:28.0) Gecko/20100101 Firefox/28.0"
120.25.201.108 - - [02/Feb/2019:09:44:36 +0000] "POST /s1.php HTTP/1.0" 404 179 "-" "Mozilla/5.0 (X11; Linux x86_64; rv:28.0) Gecko/20100101 Firefox/28.0"
120.25.201.108 - - [02/Feb/2019:09:44:37 +0000] "POST /xiaodai.php HTTP/1.0" 404 179 "-" "Mozilla/5.0 (X11; Linux x86_64; rv:28.0) Gecko/20100101 Firefox/28.0"
120.25.201.108 - - [02/Feb/2019:09:44:37 +0000] "POST /hello.php HTTP/1.0" 404 179 "-" "Mozilla/5.0 (X11; Linux x86_64; rv:28.0) Gecko/20100101 Firefox/28.0"
120.25.201.108 - - [02/Feb/2019:09:44:37 +0000] "POST /hello.php HTTP/1.0" 404 179 "-" "Mozilla/5.0 (X11; Linux x86_64; rv:28.0) Gecko/20100101 Firefox/28.0"
120.25.201.108 - - [02/Feb/2019:09:44:38 +0000] "POST /admn.php HTTP/1.0" 404 179 "-" "Mozilla/5.0 (X11; Linux x86_64; rv:28.0) Gecko/20100101 Firefox/28.0"
120.25.201.108 - - [02/Feb/2019:09:44:38 +0000] "POST /hell.php HTTP/1.0" 404 179 "-" "Mozilla/5.0 (X11; Linux x86_64; rv:28.0) Gecko/20100101 Firefox/28.0"
120.25.201.108 - - [02/Feb/2019:09:44:38 +0000] "POST /xp.php HTTP/1.0" 404 179 "-" "Mozilla/5.0 (X11; Linux x86_64; rv:28.0) Gecko/20100101 Firefox/28.0"
120.25.201.108 - - [02/Feb/2019:09:44:39 +0000] "POST /1.php HTTP/1.0" 404 179 "-" "Mozilla/5.0 (X11; Linux x86_64; rv:28.0) Gecko/20100101 Firefox/28.0"
120.25.201.108 - - [02/Feb/2019:09:44:39 +0000] "POST /2.php HTTP/1.0" 404 179 "-" "Mozilla/5.0 (X11; Linux x86_64; rv:28.0) Gecko/20100101 Firefox/28.0"
120.25.201.108 - - [02/Feb/2019:09:44:39 +0000] "POST /p.php HTTP/1.0" 404 179 "-" "Mozilla/5.0 (X11; Linux x86_64; rv:28.0) Gecko/20100101 Firefox/28.0"
120.25.201.108 - - [02/Feb/2019:09:44:41 +0000] "POST /1.php HTTP/1.0" 404 179 "-" "Mozilla/5.0 (X11; Linux x86_64; rv:28.0) Gecko/20100101 Firefox/28.0"
120.25.201.108 - - [02/Feb/2019:09:44:41 +0000] "POST /a.php HTTP/1.0" 404 179 "-" "Mozilla/5.0 (X11; Linux x86_64; rv:28.0) Gecko/20100101 Firefox/28.0"
120.25.201.108 - - [02/Feb/2019:09:44:41 +0000] "POST /m.php HTTP/1.0" 404 179 "-" "Mozilla/5.0 (X11; Linux x86_64; rv:28.0) Gecko/20100101 Firefox/28.0"
120.25.201.108 - - [02/Feb/2019:09:44:42 +0000] "POST /conf.php HTTP/1.0" 404 179 "-" "Mozilla/5.0 (X11; Linux x86_64; rv:28.0) Gecko/20100101 Firefox/28.0"
120.25.201.108 - - [02/Feb/2019:09:44:42 +0000] "POST /123.php HTTP/1.0" 404 179 "-" "Mozilla/5.0 (X11; Linux x86_64; rv:28.0) Gecko/20100101 Firefox/28.0"
120.25.201.108 - - [02/Feb/2019:09:44:42 +0000] "POST /HX.php HTTP/1.0" 404 179 "-" "Mozilla/5.0 (X11; Linux x86_64; rv:28.0) Gecko/20100101 Firefox/28.0"
120.25.201.108 - - [02/Feb/2019:09:44:42 +0000] "POST /diy.php HTTP/1.0" 404 179 "-" "Mozilla/5.0 (X11; Linux x86_64; rv:28.0) Gecko/20100101 Firefox/28.0"
120.25.201.108 - - [02/Feb/2019:09:44:43 +0000] "POST /666.php HTTP/1.0" 404 179 "-" "Mozilla/5.0 (X11; Linux x86_64; rv:28.0) Gecko/20100101 Firefox/28.0"
120.25.201.108 - - [02/Feb/2019:09:44:43 +0000] "POST /777.php HTTP/1.0" 404 179 "-" "Mozilla/5.0 (X11; Linux x86_64; rv:28.0) Gecko/20100101 Firefox/28.0"
120.25.201.108 - - [02/Feb/2019:09:44:43 +0000] "POST /qwq.php HTTP/1.0" 404 179 "-" "Mozilla/5.0 (X11; Linux x86_64; rv:28.0) Gecko/20100101 Firefox/28.0"
120.25.201.108 - - [02/Feb/2019:09:44:45 +0000] "POST /qwqw.php HTTP/1.0" 404 179 "-" "Mozilla/5.0 (X11; Linux x86_64; rv:28.0) Gecko/20100101 Firefox/28.0"
120.25.201.108 - - [02/Feb/2019:09:44:45 +0000] "POST /.php HTTP/1.0" 404 179 "-" "Mozilla/5.0 (X11; Linux x86_64; rv:28.0) Gecko/20100101 Firefox/28.0"
120.25.201.108 - - [02/Feb/2019:09:44:45 +0000] "POST /infos.php HTTP/1.0" 404 179 "-" "Mozilla/5.0 (X11; Linux x86_64; rv:28.0) Gecko/20100101 Firefox/28.0"
120.25.201.108 - - [02/Feb/2019:09:44:46 +0000] "POST /x.php HTTP/1.0" 404 179 "-" "Mozilla/5.0 (X11; Linux x86_64; rv:28.0) Gecko/20100101 Firefox/28.0"
120.25.201.108 - - [02/Feb/2019:09:44:46 +0000] "POST /lucky.php HTTP/1.0" 404 179 "-" "Mozilla/5.0 (X11; Linux x86_64; rv:28.0) Gecko/20100101 Firefox/28.0"
120.25.201.108 - - [02/Feb/2019:09:44:46 +0000] "POST /htfr.php HTTP/1.0" 404 179 "-" "Mozilla/5.0 (X11; Linux x86_64; rv:28.0) Gecko/20100101 Firefox/28.0"
120.25.201.108 - - [02/Feb/2019:09:44:47 +0000] "POST /zzk.php HTTP/1.0" 404 179 "-" "Mozilla/5.0 (X11; Linux x86_64; rv:28.0) Gecko/20100101 Firefox/28.0"
120.25.201.108 - - [02/Feb/2019:09:44:47 +0000] "POST /toor.php HTTP/1.0" 404 179 "-" "Mozilla/5.0 (X11; Linux x86_64; rv:28.0) Gecko/20100101 Firefox/28.0"
120.25.201.108 - - [02/Feb/2019:09:44:47 +0000] "POST /uu.php HTTP/1.0" 404 179 "-" "Mozilla/5.0 (X11; Linux x86_64; rv:28.0) Gecko/20100101 Firefox/28.0"
120.25.201.108 - - [02/Feb/2019:09:45:14 +0000] "GET /myadmin2/index.php HTTP/1.0" 404 380 "-" "Mozilla/5.0 (Windows NT 5.2) AppleWebKit/537.36 (KHTML, like Gecko) Chrome/58.0.3029.110 Safari/537.36 SE 2.X MetaSr 1.0"
120.25.201.108 - - [02/Feb/2019:09:45:14 +0000] "GET /xampp/phpmyadmin/index.php HTTP/1.0" 404 388 "-" "Mozilla/5.0 (Windows NT 5.2) AppleWebKit/537.36 (KHTML, like Gecko) Chrome/58.0.3029.110 Safari/537.36 SE 2.X MetaSr 1.0"
120.25.201.108 - - [02/Feb/2019:09:45:14 +0000] "GET /phpMyadmin_bak/index.php HTTP/1.0" 404 386 "-" "Mozilla/5.0 (Windows NT 5.2) AppleWebKit/537.36 (KHTML, like Gecko) Chrome/58.0.3029.110 Safari/537.36 SE 2.X MetaSr 1.0"
120.25.201.108 - - [02/Feb/2019:09:45:14 +0000] "GET /www/phpMyAdmin/index.php HTTP/1.0" 404 386 "-" "Mozilla/5.0 (Windows NT 5.2) AppleWebKit/537.36 (KHTML, like Gecko) Chrome/58.0.3029.110 Safari/537.36 SE 2.X MetaSr 1.0"
120.25.201.108 - - [02/Feb/2019:09:45:15 +0000] "GET /tools/phpMyAdmin/index.php HTTP/1.0" 404 388 "-" "Mozilla/5.0 (Windows NT 5.2) AppleWebKit/537.36 (KHTML, like Gecko) Chrome/58.0.3029.110 Safari/537.36 SE 2.X MetaSr 1.0"
120.25.201.108 - - [02/Feb/2019:09:45:15 +0000] "GET /phpmyadmin-old/index.php HTTP/1.0" 404 386 "-" "Mozilla/5.0 (Windows NT 5.2) AppleWebKit/537.36 (KHTML, like Gecko) Chrome/58.0.3029.110 Safari/537.36 SE 2.X MetaSr 1.0"
120.25.201.108 - - [02/Feb/2019:09:45:15 +0000] "GET /phpMyAdminold/index.php HTTP/1.0" 404 385 "-" "Mozilla/5.0 (Windows NT 5.2) AppleWebKit/537.36 (KHTML, like Gecko) Chrome/58.0.3029.110 Safari/537.36 SE 2.X MetaSr 1.0"
120.25.201.108 - - [02/Feb/2019:09:45:17 +0000] "GET /phpMyAdmin.old/index.php HTTP/1.0" 404 386 "-" "Mozilla/5.0 (Windows NT 5.2) AppleWebKit/537.36 (KHTML, like Gecko) Chrome/58.0.3029.110 Safari/537.36 SE 2.X MetaSr 1.0"
120.25.201.108 - - [02/Feb/2019:09:45:17 +0000] "GET /pma-old/index.php HTTP/1.0" 404 379 "-" "Mozilla/5.0 (Windows NT 5.2) AppleWebKit/537.36 (KHTML, like Gecko) Chrome/58.0.3029.110 Safari/537.36 SE 2.X MetaSr 1.0"
120.25.201.108 - - [02/Feb/2019:09:45:17 +0000] "GET /claroline/phpMyAdmin/index.php HTTP/1.0" 404 392 "-" "Mozilla/5.0 (Windows NT 5.2) AppleWebKit/537.36 (KHTML, like Gecko) Chrome/58.0.3029.110 Safari/537.36 SE 2.X MetaSr 1.0"
120.25.201.108 - - [02/Feb/2019:09:45:18 +0000] "GET /typo3/phpmyadmin/index.php HTTP/1.0" 404 388 "-" "Mozilla/5.0 (Windows NT 5.2) AppleWebKit/537.36 (KHTML, like Gecko) Chrome/58.0.3029.110 Safari/537.36 SE 2.X MetaSr 1.0"
120.25.201.108 - - [02/Feb/2019:09:45:18 +0000] "GET /phpma/index.php HTTP/1.0" 404 377 "-" "Mozilla/5.0 (Windows NT 5.2) AppleWebKit/537.36 (KHTML, like Gecko) Chrome/58.0.3029.110 Safari/537.36 SE 2.X MetaSr 1.0"
120.25.201.108 - - [02/Feb/2019:09:45:18 +0000] "GET /phpmyadmin/phpmyadmin/index.php HTTP/1.0" 404 393 "-" "Mozilla/5.0 (Windows NT 5.2) AppleWebKit/537.36 (KHTML, like Gecko) Chrome/58.0.3029.110 Safari/537.36 SE 2.X MetaSr 1.0"
120.25.201.108 - - [02/Feb/2019:09:45:18 +0000] "GET /phpMyAdmin/phpMyAdmin/index.php HTTP/1.0" 404 393 "-" "Mozilla/5.0 (Windows NT 5.2) AppleWebKit/537.36 (KHTML, like Gecko) Chrome/58.0.3029.110 Safari/537.36 SE 2.X MetaSr 1.0"
120.25.201.108 - - [02/Feb/2019:09:45:19 +0000] "GET /phpMyAbmin/index.php HTTP/1.0" 404 382 "-" "Mozilla/5.0 (Windows NT 5.2) AppleWebKit/537.36 (KHTML, like Gecko) Chrome/58.0.3029.110 Safari/537.36 SE 2.X MetaSr 1.0"
120.25.201.108 - - [02/Feb/2019:09:45:19 +0000] "GET /phpMyAdmin__/index.php HTTP/1.0" 404 384 "-" "Mozilla/5.0 (Windows NT 5.2) AppleWebKit/537.36 (KHTML, like Gecko) Chrome/58.0.3029.110 Safari/537.36 SE 2.X MetaSr 1.0"
120.25.201.108 - - [02/Feb/2019:09:45:19 +0000] "GET /phpMyAdmin+++---/index.php HTTP/1.0" 404 388 "-" "Mozilla/5.0 (Windows NT 5.2) AppleWebKit/537.36 (KHTML, like Gecko) Chrome/58.0.3029.110 Safari/537.36 SE 2.X MetaSr 1.0"
120.25.201.108 - - [02/Feb/2019:09:45:21 +0000] "GET /v/index.php HTTP/1.0" 404 373 "-" "Mozilla/5.0 (Windows NT 5.2) AppleWebKit/537.36 (KHTML, like Gecko) Chrome/58.0.3029.110 Safari/537.36 SE 2.X MetaSr 1.0"
120.25.201.108 - - [02/Feb/2019:09:45:21 +0000] "GET /phpmyadm1n/index.php HTTP/1.0" 404 382 "-" "Mozilla/5.0 (Windows NT 5.2) AppleWebKit/537.36 (KHTML, like Gecko) Chrome/58.0.3029.110 Safari/537.36 SE 2.X MetaSr 1.0"
120.25.201.108 - - [02/Feb/2019:09:45:21 +0000] "GET /phpMyAdm1n/index.php HTTP/1.0" 404 382 "-" "Mozilla/5.0 (Windows NT 5.2) AppleWebKit/537.36 (KHTML, like Gecko) Chrome/58.0.3029.110 Safari/537.36 SE 2.X MetaSr 1.0"
120.25.201.108 - - [02/Feb/2019:09:45:22 +0000] "GET /shaAdmin/index.php HTTP/1.0" 404 380 "-" "Mozilla/5.0 (Windows NT 5.2) AppleWebKit/537.36 (KHTML, like Gecko) Chrome/58.0.3029.110 Safari/537.36 SE 2.X MetaSr 1.0"
120.25.201.108 - - [02/Feb/2019:09:45:22 +0000] "GET /phpMyadmi/index.php HTTP/1.0" 404 381 "-" "Mozilla/5.0 (Windows NT 5.2) AppleWebKit/537.36 (KHTML, like Gecko) Chrome/58.0.3029.110 Safari/537.36 SE 2.X MetaSr 1.0"
120.25.201.108 - - [02/Feb/2019:09:45:22 +0000] "GET /phpMyAdmion/index.php HTTP/1.0" 404 383 "-" "Mozilla/5.0 (Windows NT 5.2) AppleWebKit/537.36 (KHTML, like Gecko) Chrome/58.0.3029.110 Safari/537.36 SE 2.X MetaSr 1.0"
120.25.201.108 - - [02/Feb/2019:09:45:23 +0000] "GET /s/index.php HTTP/1.0" 404 373 "-" "Mozilla/5.0 (Windows NT 5.2) AppleWebKit/537.36 (KHTML, like Gecko) Chrome/58.0.3029.110 Safari/537.36 SE 2.X MetaSr 1.0"
120.25.201.108 - - [02/Feb/2019:09:45:23 +0000] "GET /MyAdmin/index.php HTTP/1.0" 404 379 "-" "Mozilla/5.0 (Windows NT 5.2) AppleWebKit/537.36 (KHTML, like Gecko) Chrome/58.0.3029.110 Safari/537.36 SE 2.X MetaSr 1.0"
120.25.201.108 - - [02/Feb/2019:09:45:23 +0000] "GET /phpMyAdmin1/index.php HTTP/1.0" 404 383 "-" "Mozilla/5.0 (Windows NT 5.2) AppleWebKit/537.36 (KHTML, like Gecko) Chrome/58.0.3029.110 Safari/537.36 SE 2.X MetaSr 1.0"
120.25.201.108 - - [02/Feb/2019:09:45:23 +0000] "GET /phpMyAdmin123/index.php HTTP/1.0" 404 385 "-" "Mozilla/5.0 (Windows NT 5.2) AppleWebKit/537.36 (KHTML, like Gecko) Chrome/58.0.3029.110 Safari/537.36 SE 2.X MetaSr 1.0"
120.25.201.108 - - [02/Feb/2019:09:45:25 +0000] "GET /pwd/index.php HTTP/1.0" 404 375 "-" "Mozilla/5.0 (Windows NT 5.2) AppleWebKit/537.36 (KHTML, like Gecko) Chrome/58.0.3029.110 Safari/537.36 SE 2.X MetaSr 1.0"
120.25.201.108 - - [02/Feb/2019:09:45:25 +0000] "GET /phpMyAdmina/index.php HTTP/1.0" 404 383 "-" "Mozilla/5.0 (Windows NT 5.2) AppleWebKit/537.36 (KHTML, like Gecko) Chrome/58.0.3029.110 Safari/537.36 SE 2.X MetaSr 1.0"
120.25.201.108 - - [02/Feb/2019:09:45:25 +0000] "GET /phpMydmin/index.php HTTP/1.0" 404 381 "-" "Mozilla/5.0 (Windows NT 5.2) AppleWebKit/537.36 (KHTML, like Gecko) Chrome/58.0.3029.110 Safari/537.36 SE 2.X MetaSr 1.0"
120.25.201.108 - - [02/Feb/2019:09:45:26 +0000] "GET /phpMyAdmins/index.php HTTP/1.0" 404 383 "-" "Mozilla/5.0 (Windows NT 5.2) AppleWebKit/537.36 (KHTML, like Gecko) Chrome/58.0.3029.110 Safari/537.36 SE 2.X MetaSr 1.0"
120.25.201.108 - - [02/Feb/2019:09:45:26 +0000] "GET /program/index.php HTTP/1.0" 404 379 "-" "Mozilla/5.0 (Windows NT 5.2) AppleWebKit/537.36 (KHTML, like Gecko) Chrome/58.0.3029.110 Safari/537.36 SE 2.X MetaSr 1.0"
120.25.201.108 - - [02/Feb/2019:09:45:26 +0000] "GET /shopdb/index.php HTTP/1.0" 404 378 "-" "Mozilla/5.0 (Windows NT 5.2) AppleWebKit/537.36 (KHTML, like Gecko) Chrome/58.0.3029.110 Safari/537.36 SE 2.X MetaSr 1.0"
120.25.201.108 - - [02/Feb/2019:09:45:27 +0000] "GET /phppma/index.php HTTP/1.0" 404 378 "-" "Mozilla/5.0 (Windows NT 5.2) AppleWebKit/537.36 (KHTML, like Gecko) Chrome/58.0.3029.110 Safari/537.36 SE 2.X MetaSr 1.0"
120.25.201.108 - - [02/Feb/2019:09:45:27 +0000] "GET /phpmy/index.php HTTP/1.0" 404 377 "-" "Mozilla/5.0 (Windows NT 5.2) AppleWebKit/537.36 (KHTML, like Gecko) Chrome/58.0.3029.110 Safari/537.36 SE 2.X MetaSr 1.0"
120.25.201.108 - - [02/Feb/2019:09:45:27 +0000] "GET /mysql/admin/index.php HTTP/1.0" 404 383 "-" "Mozilla/5.0 (Windows NT 5.2) AppleWebKit/537.36 (KHTML, like Gecko) Chrome/58.0.3029.110 Safari/537.36 SE 2.X MetaSr 1.0"
120.25.201.108 - - [02/Feb/2019:09:45:27 +0000] "GET /mysql/dbadmin/index.php HTTP/1.0" 404 385 "-" "Mozilla/5.0 (Windows NT 5.2) AppleWebKit/537.36 (KHTML, like Gecko) Chrome/58.0.3029.110 Safari/537.36 SE 2.X MetaSr 1.0"
120.25.201.108 - - [02/Feb/2019:09:45:29 +0000] "GET /mysql/sqlmanager/index.php HTTP/1.0" 404 388 "-" "Mozilla/5.0 (Windows NT 5.2) AppleWebKit/537.36 (KHTML, like Gecko) Chrome/58.0.3029.110 Safari/537.36 SE 2.X MetaSr 1.0"
120.25.201.108 - - [02/Feb/2019:09:45:29 +0000] "GET /mysql/mysqlmanager/index.php HTTP/1.0" 404 390 "-" "Mozilla/5.0 (Windows NT 5.2) AppleWebKit/537.36 (KHTML, like Gecko) Chrome/58.0.3029.110 Safari/537.36 SE 2.X MetaSr 1.0"
120.25.201.108 - - [02/Feb/2019:09:45:29 +0000] "GET /wp-content/plugins/portable-phpmyadmin/wp-pma-mod/index.php HTTP/1.0" 404 421 "-" "Mozilla/5.0 (Windows NT 5.2) AppleWebKit/537.36 (KHTML, like Gecko) Chrome/58.0.3029.110 Safari/537.36 SE 2.X MetaSr 1.0"
120.25.201.108 - - [02/Feb/2019:09:45:29 +0000] "GET /manager/html HTTP/1.0" 404 374 "-" "Mozilla/4.0 (compatible; MSIE 7.0; Windows NT 6.0)"
109.236.211.34 - - [02/Feb/2019:10:59:44 +0000] "GET / HTTP/1.0" 200 220 "-" "Mozilla/5.0 (Macintosh; Intel Mac OS X 10_11_6) AppleWebKit/601.7.7 (KHTML, like Gecko) Version/9.1.2 Safari/601.7.7"
159.203.169.16 - - [02/Feb/2019:11:12:38 +0000] "GET / HTTP/1.0" 200 5771 "-" "masscan/1.0 (https://github.com/robertdavidgraham/masscan)"
82.74.156.26 - - [02/Feb/2019:11:26:45 +0000] "GET / HTTP/1.0" 200 220 "-" "-"
81.180.124.186 - - [02/Feb/2019:12:20:22 +0000] "GET / HTTP/1.0" 200 220 "-" "Mozilla/5.0 (Macintosh; Intel Mac OS X 10_11_6) AppleWebKit/601.7.7 (KHTML, like Gecko) Version/9.1.2 Safari/601.7.7"
180.76.15.137 - - [02/Feb/2019:12:41:54 +0000] "GET / HTTP/1.0" 200 220 "-" "Mozilla/5.0 (compatible; Baiduspider/2.0; +http://www.baidu.com/search/spider.html)"
119.201.152.26 - - [02/Feb/2019:13:00:11 +0000] "GET / HTTP/1.0" 200 220 "-" "-"
170.80.33.25 - - [02/Feb/2019:13:22:00 +0000] "GET / HTTP/1.0" 200 220 "-" "Mozilla/5.0 (Windows NT 6.1; WOW64) AppleWebKit/537.36 (KHTML, like Gecko) Chrome/52.0.2743.116 Safari/537.36"
93.183.249.99 - - [02/Feb/2019:14:02:59 +0000] "GET / HTTP/1.0" 200 220 "-" "Mozilla/5.0 (Windows NT 10.0; WOW64) AppleWebKit/537.36 (KHTML, like Gecko) Chrome/52.0.2743.116 Safari/537.36"
186.183.184.82 - - [02/Feb/2019:14:42:26 +0000] "GET / HTTP/1.0" 200 220 "-" "Mozilla/5.0 (Windows NT 6.1; WOW64) AppleWebKit/537.36 (KHTML, like Gecko) Chrome/52.0.2743.116 Safari/537.36"
157.119.215.93 - - [02/Feb/2019:15:17:00 +0000] "GET / HTTP/1.0" 200 220 "-" "Mozilla/5.0 (Windows NT 6.1; WOW64) AppleWebKit/537.36 (KHTML, like Gecko) Chrome/52.0.2743.116 Safari/537.36"
49.212.234.206 - - [02/Feb/2019:15:46:54 +0000] "POST /%70%68%70%70%61%74%68/%70%68%70?%2D%64+%61%6C%6C%6F%77%5F%75%72%6C%5F%69%6E%63%6C%75%64%65%3D%6F%6E+%2D%64+%73%61%66%65%5F%6D%6F%64%65%3D%6F%66%66+%2D%64+%73%75%68%6F%73%69%6E%2E%73%69%6D%75%6C%61%74%69%6F%6E%3D%6F%6E+%2D%64+%64%69%73%61%62%6C%65%5F%66%75%6E%63%74%69%6F%6E%73%3D%22%22+%2D%64+%6F%70%65%6E%5F%62%61%73%65%64%69%72%3D%6E%6F%6E%65+%2D%64+%61%75%74%6F%5F%70%72%65%70%65%6E%64%5F%66%69%6C%65%3D%70%68%70%3A%2F%2F%69%6E%70%75%74+%2D%6E HTTP/1.0" 404 373 "-" "-"
197.248.214.78 - - [02/Feb/2019:16:49:37 +0000] "GET / HTTP/1.0" 200 220 "-" "Mozilla/5.0 (Windows NT 10.0; WOW64) AppleWebKit/537.36 (KHTML, like Gecko) Chrome/52.0.2743.116 Safari/537.36"
188.137.121.170 - - [02/Feb/2019:16:50:23 +0000] "GET / HTTP/1.0" 200 220 "-" "Mozilla/5.0 (Windows NT 10.0; WOW64) AppleWebKit/537.36 (KHTML, like Gecko) Chrome/52.0.2743.116 Safari/537.36"
46.248.42.47 - - [02/Feb/2019:16:51:19 +0000] "GET / HTTP/1.0" 200 220 "-" "Mozilla/5.0 (Windows NT 10.0; WOW64) AppleWebKit/537.36 (KHTML, like Gecko) Chrome/52.0.2743.116 Safari/537.36"
27.147.168.139 - - [02/Feb/2019:17:45:58 +0000] "GET / HTTP/1.0" 200 220 "-" "Mozilla/5.0 (Windows NT 10.0; WOW64) AppleWebKit/537.36 (KHTML, like Gecko) Chrome/51.0.2704.103 Safari/537.36"
36.67.15.77 - - [02/Feb/2019:18:33:12 +0000] "GET / HTTP/1.0" 200 220 "-" "Mozilla/5.0 (Windows NT 10.0; WOW64) AppleWebKit/537.36 (KHTML, like Gecko) Chrome/52.0.2743.116 Safari/537.36"
146.0.40.251 - - [02/Feb/2019:18:44:19 +0000] "GET / HTTP/1.0" 200 220 "-" "-"
46.174.215.54 - - [02/Feb/2019:20:03:13 +0000] "GET / HTTP/1.0" 200 220 "-" "Mozilla/5.0 (Windows NT 10.0; WOW64) AppleWebKit/537.36 (KHTML, like Gecko) Chrome/51.0.2704.103 Safari/537.36"
104.131.68.41 - - [02/Feb/2019:20:40:23 +0000] "POST /blog/xmlrpc.php HTTP/1.0" 404 377 "-" "Mozilla/5.0 (Macintosh; U; Intel Mac OS X 10.6; fr; rv:1.9.2.8) Gecko/20100722 Firefox/3.6.8"
104.131.68.41 - - [02/Feb/2019:20:40:23 +0000] "POST /xmlrpc.php HTTP/1.0" 404 179 "-" "Mozilla/5.0 (Macintosh; U; Intel Mac OS X 10.6; fr; rv:1.9.2.8) Gecko/20100722 Firefox/3.6.8"
178.154.246.14 - - [03/Feb/2019:01:07:49 +0000] "GET /robots.txt HTTP/1.0" 404 372 "-" "Mozilla/5.0 (compatible; YandexBot/3.0; +http://yandex.com/bots)"
141.8.142.175 - - [03/Feb/2019:01:07:53 +0000] "GET / HTTP/1.0" 200 220 "-" "Mozilla/5.0 (compatible; YandexBot/3.0; +http://yandex.com/bots)"
66.249.69.84 - - [03/Feb/2019:02:11:23 +0000] "GET /robots.txt HTTP/1.0" 404 372 "-" "Mozilla/5.0 (compatible; Googlebot/2.1; +http://www.google.com/bot.html)"
66.249.69.84 - - [03/Feb/2019:02:11:23 +0000] "GET / HTTP/1.0" 200 220 "-" "Mozilla/5.0 (compatible; Googlebot/2.1; +http://www.google.com/bot.html)"
66.249.69.86 - - [03/Feb/2019:02:12:37 +0000] "GET /19968336/header-bid-tag-1 HTTP/1.0" 404 387 "-" "Mozilla/5.0 (compatible; Googlebot/2.1; +http://www.google.com/bot.html)"
190.78.27.223 - - [03/Feb/2019:02:14:26 +0000] "GET / HTTP/1.0" 200 220 "-" "Mozilla/5.0 (Macintosh; Intel Mac OS X 10_11_6) AppleWebKit/601.7.7 (KHTML, like Gecko) Version/9.1.2 Safari/601.7.7"
187.34.87.186 - - [03/Feb/2019:03:01:41 +0000] "GET / HTTP/1.0" 200 220 "-" "Mozilla/5.0 (Windows NT 10.0; WOW64) AppleWebKit/537.36 (KHTML, like Gecko) Chrome/51.0.2704.103 Safari/537.36"
189.68.95.37 - - [02/Feb/2019:04:24:57 +0000] "GET / HTTP/1.1" 200 5537 "-" "Mozilla/5.0 (Windows NT 10.0; WOW64) AppleWebKit/537.36 (KHTML, like Gecko) Chrome/52.0.2743.116 Safari/537.36"
37.235.184.157 - - [02/Feb/2019:04:51:18 +0000] "GET / HTTP/1.1" 200 5537 "-" "Mozilla/5.0 (Windows NT 6.1; WOW64) AppleWebKit/537.36 (KHTML, like Gecko) Chrome/52.0.2743.116 Safari/537.36"
202.9.121.8 - - [02/Feb/2019:06:08:03 +0000] "GET / HTTP/1.1" 200 5537 "-" "Mozilla/5.0 (Windows NT 10.0; WOW64) AppleWebKit/537.36 (KHTML, like Gecko) Chrome/52.0.2743.116 Safari/537.36"
81.178.148.141 - - [02/Feb/2019:06:59:24 +0000] "GET / HTTP/1.1" 200 5537 "-" "Mozilla/5.0 (Macintosh; Intel Mac OS X 10_11_6) AppleWebKit/601.7.7 (KHTML, like Gecko) Version/9.1.2 Safari/601.7.7"
81.198.65.6 - - [02/Feb/2019:07:04:34 +0000] "GET / HTTP/1.1" 200 5537 "-" "Mozilla/5.0 (Windows NT 6.1; WOW64) AppleWebKit/537.36 (KHTML, like Gecko) Chrome/52.0.2743.116 Safari/537.36"
80.229.83.53 - - [02/Feb/2019:07:25:00 +0000] "GET / HTTP/1.1" 200 5537 "-" "Mozilla/5.0 (Windows NT 10.0; WOW64) AppleWebKit/537.36 (KHTML, like Gecko) Chrome/52.0.2743.116 Safari/537.36"
80.229.83.53 - - [02/Feb/2019:07:25:00 +0000] "GET / HTTP/1.1" 200 5537 "-" "Mozilla/5.0 (Macintosh; Intel Mac OS X 10_11_6) AppleWebKit/601.7.7 (KHTML, like Gecko) Version/9.1.2 Safari/601.7.7"
187.75.7.218 - - [02/Feb/2019:07:27:17 +0000] "GET / HTTP/1.1" 200 5537 "-" "Mozilla/5.0 (Windows NT 10.0; WOW64) AppleWebKit/537.36 (KHTML, like Gecko) Chrome/52.0.2743.116 Safari/537.36"
72.214.102.152 - - [02/Feb/2019:07:40:16 +0000] "GET / HTTP/1.1" 200 5537 "-" "Mozilla/5.0 (Macintosh; Intel Mac OS X 10_11_6) AppleWebKit/601.7.7 (KHTML, like Gecko) Version/9.1.2 Safari/601.7.7"
218.211.168.178 - - [02/Feb/2019:09:38:31 +0000] "GET / HTTP/1.1" 200 5537 "-" "Mozilla/5.0"
109.236.211.34 - - [02/Feb/2019:10:59:44 +0000] "GET / HTTP/1.1" 200 5537 "-" "Mozilla/5.0 (Macintosh; Intel Mac OS X 10_11_6) AppleWebKit/601.7.7 (KHTML, like Gecko) Version/9.1.2 Safari/601.7.7"
82.74.156.26 - - [02/Feb/2019:11:26:45 +0000] "GET / HTTP/1.0" 200 5537 "-" "-"
81.180.124.186 - - [02/Feb/2019:12:20:22 +0000] "GET / HTTP/1.1" 200 5537 "-" "Mozilla/5.0 (Macintosh; Intel Mac OS X 10_11_6) AppleWebKit/601.7.7 (KHTML, like Gecko) Version/9.1.2 Safari/601.7.7"
180.76.15.137 - - [02/Feb/2019:12:41:54 +0000] "GET / HTTP/1.1" 200 5537 "-" "Mozilla/5.0 (compatible; Baiduspider/2.0; +http://www.baidu.com/search/spider.html)"
119.201.152.26 - - [02/Feb/2019:13:00:11 +0000] "GET / HTTP/1.1" 200 5537 "-" "-"
170.80.33.25 - - [02/Feb/2019:13:22:00 +0000] "GET / HTTP/1.1" 200 5537 "-" "Mozilla/5.0 (Windows NT 6.1; WOW64) AppleWebKit/537.36 (KHTML, like Gecko) Chrome/52.0.2743.116 Safari/537.36"
123.57.254.142 - - [02/Feb/2019:13:27:07 +0000] "" 400 0 "-" "-"
123.57.254.142 - - [02/Feb/2019:13:27:07 +0000] "" 400 0 "-" "-"
93.183.249.99 - - [02/Feb/2019:14:02:59 +0000] "GET / HTTP/1.1" 200 5537 "-" "Mozilla/5.0 (Windows NT 10.0; WOW64) AppleWebKit/537.36 (KHTML, like Gecko) Chrome/52.0.2743.116 Safari/537.36"
186.183.184.82 - - [02/Feb/2019:14:42:26 +0000] "GET / HTTP/1.1" 200 5537 "-" "Mozilla/5.0 (Windows NT 6.1; WOW64) AppleWebKit/537.36 (KHTML, like Gecko) Chrome/52.0.2743.116 Safari/537.36"
123.57.254.142 - - [02/Feb/2019:15:16:29 +0000] "POST /xmlrpc.php" 400 166 "-" "-"
123.57.254.142 - - [02/Feb/2019:15:16:30 +0000] "POST /xmlrpc.php" 400 166 "-" "-"
157.119.215.93 - - [02/Feb/2019:15:17:00 +0000] "GET / HTTP/1.1" 200 5537 "-" "Mozilla/5.0 (Windows NT 6.1; WOW64) AppleWebKit/537.36 (KHTML, like Gecko) Chrome/52.0.2743.116 Safari/537.36"
197.248.214.78 - - [02/Feb/2019:16:49:37 +0000] "GET / HTTP/1.1" 200 5537 "-" "Mozilla/5.0 (Windows NT 10.0; WOW64) AppleWebKit/537.36 (KHTML, like Gecko) Chrome/52.0.2743.116 Safari/537.36"
188.137.121.170 - - [02/Feb/2019:16:50:23 +0000] "GET / HTTP/1.1" 200 5537 "-" "Mozilla/5.0 (Windows NT 10.0; WOW64) AppleWebKit/537.36 (KHTML, like Gecko) Chrome/52.0.2743.116 Safari/537.36"
46.248.42.47 - - [02/Feb/2019:16:51:19 +0000] "GET / HTTP/1.1" 200 5537 "-" "Mozilla/5.0 (Windows NT 10.0; WOW64) AppleWebKit/537.36 (KHTML, like Gecko) Chrome/52.0.2743.116 Safari/537.36"
194.113.106.126 - - [02/Feb/2019:17:02:52 +0000] "" 400 0 "-" "-"
27.147.168.139 - - [02/Feb/2019:17:45:58 +0000] "GET / HTTP/1.1" 200 5537 "-" "Mozilla/5.0 (Windows NT 10.0; WOW64) AppleWebKit/537.36 (KHTML, like Gecko) Chrome/51.0.2704.103 Safari/537.36"
36.67.15.77 - - [02/Feb/2019:18:33:12 +0000] "GET / HTTP/1.1" 200 5537 "-" "Mozilla/5.0 (Windows NT 10.0; WOW64) AppleWebKit/537.36 (KHTML, like Gecko) Chrome/52.0.2743.116 Safari/537.36"
146.0.40.251 - - [02/Feb/2019:18:44:19 +0000] "GET / HTTP/1.1" 200 5537 "-" "-"
46.174.215.54 - - [02/Feb/2019:20:03:13 +0000] "GET / HTTP/1.1" 200 5537 "-" "Mozilla/5.0 (Windows NT 10.0; WOW64) AppleWebKit/537.36 (KHTML, like Gecko) Chrome/51.0.2704.103 Safari/537.36"
104.131.68.41 - - [02/Feb/2019:20:40:23 +0000] "" 400 0 "-" "-"
104.131.68.41 - - [02/Feb/2019:20:40:23 +0000] "" 400 0 "-" "-"
5.101.40.34 - - [02/Feb/2019:21:12:03 +0000] "\x03\x00\x00/*\xE0\x00\x00\x00\x00\x00Cookie: mstshash=Administr" 400 166 "-" "-"
141.8.142.175 - - [03/Feb/2019:01:07:53 +0000] "GET / HTTP/1.1" 200 5537 "-" "Mozilla/5.0 (compatible; YandexBot/3.0; +http://yandex.com/bots)"
66.249.69.84 - - [03/Feb/2019:02:11:23 +0000] "GET / HTTP/1.1" 200 5537 "-" "Mozilla/5.0 (compatible; Googlebot/2.1; +http://www.google.com/bot.html)"
190.78.27.223 - - [03/Feb/2019:02:14:26 +0000] "GET / HTTP/1.1" 200 5537 "-" "Mozilla/5.0 (Macintosh; Intel Mac OS X 10_11_6) AppleWebKit/601.7.7 (KHTML, like Gecko) Version/9.1.2 Safari/601.7.7"
123.57.254.142 - - [03/Feb/2019:02:25:09 +0000] "" 400 0 "-" "-"
123.57.254.142 - - [03/Feb/2019:02:25:09 +0000] "" 400 0 "-" "-"
187.34.87.186 - - [03/Feb/2019:03:01:41 +0000] "GET / HTTP/1.1" 200 5537 "-" "Mozilla/5.0 (Windows NT 10.0; WOW64) AppleWebKit/537.36 (KHTML, like Gecko) Chrome/51.0.2704.103 Safari/537.36"
60.191.0.245 - - [03/Feb/2019:03:25:10 +0000] "GET / HTTP/1.0" 200 5771 "-" "-"
139.162.106.181 - - [03/Feb/2019:03:40:45 +0000] "GET / HTTP/1.0" 200 220 "-" "HTTP Banner Detection (https://security.ipip.net)"
62.173.140.122 - - [03/Feb/2019:04:49:49 +0000] "GET /devicecfg//polycom/000000000000.cfg HTTP/1.0" 404 397 "-" "Mozilla/5.0 (Windows NT 6.1; Win64; x64; rv:56.0) Gecko/20100101 Firefox/56.0"
128.204.217.239 - - [03/Feb/2019:05:11:33 +0000] "GET / HTTP/1.0" 200 220 "-" "Mozilla/5.0 (Macintosh; Intel Mac OS X 10.12; rv:54.0) Gecko/20100101 Firefox/54.0"
203.202.245.126 - - [03/Feb/2019:05:44:54 +0000] "GET / HTTP/1.0" 200 220 "-" "Mozilla/5.0 (Windows NT 6.1; WOW64) AppleWebKit/537.36 (KHTML, like Gecko) Chrome/51.0.2704.103 Safari/537.36"
177.188.207.160 - - [03/Feb/2019:06:40:10 +0000] "GET / HTTP/1.0" 200 220 "-" "Mozilla/5.0 (Macintosh; Intel Mac OS X 10_11_6) AppleWebKit/601.7.7 (KHTML, like Gecko) Version/9.1.2 Safari/601.7.7"
159.255.160.226 - - [03/Feb/2019:06:40:23 +0000] "GET / HTTP/1.0" 200 220 "-" "Mozilla/5.0 (Windows NT 10.0; WOW64) AppleWebKit/537.36 (KHTML, like Gecko) Chrome/52.0.2743.116 Safari/537.36"
186.101.10.42 - - [03/Feb/2019:07:06:37 +0000] "GET / HTTP/1.0" 200 220 "-" "Mozilla/5.0 (Windows NT 10.0; WOW64) AppleWebKit/537.36 (KHTML, like Gecko) Chrome/51.0.2704.103 Safari/537.36"
103.47.93.30 - - [03/Feb/2019:07:29:01 +0000] "GET / HTTP/1.0" 200 220 "-" "Mozilla/5.0 (Windows NT 10.0; WOW64) AppleWebKit/537.36 (KHTML, like Gecko) Chrome/51.0.2704.103 Safari/537.36"
178.46.152.94 - - [03/Feb/2019:10:07:09 +0000] "GET / HTTP/1.0" 200 220 "-" "Mozilla/5.0 (Macintosh; Intel Mac OS X 10_11_6) AppleWebKit/601.7.7 (KHTML, like Gecko) Version/9.1.2 Safari/601.7.7"
201.150.151.241 - - [03/Feb/2019:10:38:53 +0000] "GET / HTTP/1.0" 200 220 "-" "Mozilla/5.0 (Macintosh; Intel Mac OS X 10_11_6) AppleWebKit/601.7.7 (KHTML, like Gecko) Version/9.1.2 Safari/601.7.7"
66.249.69.83 - - [03/Feb/2019:11:56:12 +0000] "GET /robots.txt HTTP/1.0" 404 372 "-" "Mozilla/5.0 (compatible; Googlebot/2.1; +http://www.google.com/bot.html)"
66.249.69.85 - - [03/Feb/2019:11:56:13 +0000] "GET / HTTP/1.0" 200 220 "-" "Mozilla/5.0 (Linux; Android 6.0.1; Nexus 5X Build/MMB29P) AppleWebKit/537.36 (KHTML, like Gecko) Chrome/41.0.2272.96 Mobile Safari/537.36 (compatible; Googlebot/2.1; +http://www.google.com/bot.html)"
51.75.161.51 - - [03/Feb/2019:12:00:41 +0000] "GET /w00tw00t.at.blackhats.romanian.anti-sec:) HTTP/1.0" 404 403 "-" "ZmEu"
51.75.161.51 - - [03/Feb/2019:12:00:41 +0000] "GET /phpMyAdmin/scripts/setup.php HTTP/1.0" 404 390 "-" "ZmEu"
51.75.161.51 - - [03/Feb/2019:12:00:41 +0000] "GET /phpmyadmin/scripts/setup.php HTTP/1.0" 404 390 "-" "ZmEu"
51.75.161.51 - - [03/Feb/2019:12:00:41 +0000] "GET /pma/scripts/setup.php HTTP/1.0" 404 383 "-" "ZmEu"
51.75.161.51 - - [03/Feb/2019:12:00:41 +0000] "GET /myadmin/scripts/setup.php HTTP/1.0" 404 387 "-" "ZmEu"
51.75.161.51 - - [03/Feb/2019:12:00:41 +0000] "GET /MyAdmin/scripts/setup.php HTTP/1.0" 404 387 "-" "ZmEu"
51.75.161.51 - - [03/Feb/2019:12:00:41 +0000] "GET /mysqladmin/scripts/setup.php HTTP/1.0" 404 390 "-" "ZmEu"
51.75.161.51 - - [03/Feb/2019:12:00:41 +0000] "GET /dbadmin/scripts/setup.php HTTP/1.0" 404 387 "-" "ZmEu"
51.75.161.51 - - [03/Feb/2019:12:00:41 +0000] "GET /admin/phpmyadmin/scripts/setup.php HTTP/1.0" 404 396 "-" "ZmEu"
51.75.161.51 - - [03/Feb/2019:12:00:41 +0000] "GET /db/scripts/setup.php HTTP/1.0" 404 382 "-" "ZmEu"
51.75.161.51 - - [03/Feb/2019:12:00:41 +0000] "GET /php-my-admin/scripts/setup.php HTTP/1.0" 404 392 "-" "ZmEu"
51.75.161.51 - - [03/Feb/2019:12:00:41 +0000] "GET /web/phpMyAdmin/scripts/setup.php HTTP/1.0" 404 394 "-" "ZmEu"
51.75.161.51 - - [03/Feb/2019:12:00:41 +0000] "GET /websql/scripts/setup.php HTTP/1.0" 404 386 "-" "ZmEu"
71.6.202.198 - - [03/Feb/2019:12:37:08 +0000] "GET /ccvv HTTP/1.0" 404 366 "-" "Mozilla/5.0 (compatible; MSIE 9.0; Windows NT 6.1; WOW64)"
82.78.95.158 - - [03/Feb/2019:12:47:16 +0000] "GET / HTTP/1.0" 200 220 "-" "Mozilla/5.0 (Windows NT 6.1; WOW64) AppleWebKit/537.36 (KHTML, like Gecko) Chrome/51.0.2704.103 Safari/537.36"
46.174.10.182 - - [03/Feb/2019:14:45:27 +0000] "GET / HTTP/1.0" 200 220 "-" "Mozilla/5.0 (Windows NT 10.0; WOW64) AppleWebKit/537.36 (KHTML, like Gecko) Chrome/52.0.2743.116 Safari/537.36"
178.47.142.183 - - [03/Feb/2019:15:09:48 +0000] "GET / HTTP/1.0" 200 220 "-" "Mozilla/5.0 (Windows NT 6.1; WOW64) AppleWebKit/537.36 (KHTML, like Gecko) Chrome/51.0.2704.103 Safari/537.36"
51.15.142.164 - - [03/Feb/2019:16:36:47 +0000] "GET /config HTTP/1.0" 404 368 "-" "Mozilla/5.0 zgrab/0.x"
202.14.12.94 - - [03/Feb/2019:17:24:58 +0000] "GET /robots.txt HTTP/1.0" 404 372 "-" "Mozilla/5.0 (compatible; Eyeotabot/1.0; +http://www.eyeota.com)"
202.14.12.94 - - [03/Feb/2019:17:24:58 +0000] "GET /tv_gids_test.html HTTP/1.0" 200 227 "-" "Mozilla/5.0 (compatible; Eyeotabot/1.0; +http://www.eyeota.com)"
180.76.15.32 - - [03/Feb/2019:18:06:47 +0000] "GET / HTTP/1.0" 200 220 "-" "Mozilla/5.0 (compatible; Baiduspider/2.0; +http://www.baidu.com/search/spider.html)"
202.14.12.94 - - [03/Feb/2019:18:44:59 +0000] "GET /robots.txt HTTP/1.0" 404 372 "-" "Mozilla/5.0 (compatible; Eyeotabot/1.0; +http://www.eyeota.com)"
202.14.12.94 - - [03/Feb/2019:18:44:59 +0000] "GET /cmp_hb_test.html?pbjs_debug=true HTTP/1.0" 404 378 "-" "Mozilla/5.0 (compatible; Eyeotabot/1.0; +http://www.eyeota.com)"
36.89.253.157 - - [03/Feb/2019:18:48:53 +0000] "GET / HTTP/1.0" 200 220 "-" "Mozilla/5.0 (Windows NT 6.1; WOW64) AppleWebKit/537.36 (KHTML, like Gecko) Chrome/51.0.2704.103 Safari/537.36"
178.73.215.171 - - [03/Feb/2019:20:29:42 +0000] "GET / HTTP/1.0" 200 5771 "-" "-"
178.73.215.171 - - [03/Feb/2019:20:29:42 +0000] "GET / HTTP/1.0" 200 5771 "-" "-"
77.171.50.107 - - [03/Feb/2019:21:55:44 +0000] "GET / HTTP/1.0" 200 220 "-" "-"
177.131.121.228 - - [03/Feb/2019:22:12:40 +0000] "GET / HTTP/1.0" 200 220 "-" "Mozilla/5.0 (Windows NT 6.1; WOW64) AppleWebKit/537.36 (KHTML, like Gecko) Chrome/51.0.2704.103 Safari/537.36"
189.78.31.219 - - [03/Feb/2019:22:22:50 +0000] "GET / HTTP/1.0" 200 220 "-" "Mozilla/5.0 (Windows NT 10.0; WOW64) AppleWebKit/537.36 (KHTML, like Gecko) Chrome/51.0.2704.103 Safari/537.36"
177.9.201.214 - - [03/Feb/2019:22:38:51 +0000] "GET / HTTP/1.0" 200 220 "-" "Mozilla/5.0 (Windows NT 10.0; WOW64) AppleWebKit/537.36 (KHTML, like Gecko) Chrome/52.0.2743.116 Safari/537.36"
177.9.201.214 - - [03/Feb/2019:22:38:51 +0000] "GET / HTTP/1.0" 200 220 "-" "Mozilla/5.0 (Windows NT 6.1; WOW64) AppleWebKit/537.36 (KHTML, like Gecko) Chrome/51.0.2704.103 Safari/537.36"
2.177.40.82 - - [04/Feb/2019:00:17:48 +0000] "GET / HTTP/1.0" 200 220 "-" "Mozilla/5.0 (Windows NT 6.1; WOW64) AppleWebKit/537.36 (KHTML, like Gecko) Chrome/51.0.2704.103 Safari/537.36"
202.14.12.94 - - [04/Feb/2019:01:42:31 +0000] "GET /tv_gids_test.html HTTP/1.0" 200 227 "-" "Mozilla/5.0 (compatible; Eyeotabot/1.0; +http://www.eyeota.com)"
61.19.151.30 - - [04/Feb/2019:02:57:56 +0000] "GET / HTTP/1.0" 200 220 "-" "Mozilla/5.0 (Macintosh; Intel Mac OS X 10_11_6) AppleWebKit/601.7.7 (KHTML, like Gecko) Version/9.1.2 Safari/601.7.7"
5.202.144.1 - - [04/Feb/2019:03:04:45 +0000] "GET / HTTP/1.0" 200 220 "-" "Mozilla/5.0 (Windows NT 10.0; WOW64) AppleWebKit/537.36 (KHTML, like Gecko) Chrome/52.0.2743.116 Safari/537.36"
139.162.106.181 - - [03/Feb/2019:03:40:45 +0000] "GET / HTTP/1.1" 200 5537 "-" "HTTP Banner Detection (https://security.ipip.net)"
123.57.254.142 - - [03/Feb/2019:03:58:00 +0000] "POST /xmlrpc.php" 400 166 "-" "-"
123.57.254.142 - - [03/Feb/2019:03:58:00 +0000] "POST /xmlrpc.php" 400 166 "-" "-"
104.131.68.41 - - [03/Feb/2019:04:45:15 +0000] "" 400 0 "-" "-"
104.131.68.41 - - [03/Feb/2019:04:45:15 +0000] "" 400 0 "-" "-"
128.204.217.239 - - [03/Feb/2019:05:11:33 +0000] "GET / HTTP/1.1" 200 5537 "-" "Mozilla/5.0 (Macintosh; Intel Mac OS X 10.12; rv:54.0) Gecko/20100101 Firefox/54.0"
203.202.245.126 - - [03/Feb/2019:05:44:54 +0000] "GET / HTTP/1.1" 200 5537 "-" "Mozilla/5.0 (Windows NT 6.1; WOW64) AppleWebKit/537.36 (KHTML, like Gecko) Chrome/51.0.2704.103 Safari/537.36"
177.188.207.160 - - [03/Feb/2019:06:40:10 +0000] "GET / HTTP/1.1" 200 5537 "-" "Mozilla/5.0 (Macintosh; Intel Mac OS X 10_11_6) AppleWebKit/601.7.7 (KHTML, like Gecko) Version/9.1.2 Safari/601.7.7"
159.255.160.226 - - [03/Feb/2019:06:40:23 +0000] "GET / HTTP/1.1" 200 5537 "-" "Mozilla/5.0 (Windows NT 10.0; WOW64) AppleWebKit/537.36 (KHTML, like Gecko) Chrome/52.0.2743.116 Safari/537.36"
186.101.10.42 - - [03/Feb/2019:07:06:37 +0000] "GET / HTTP/1.1" 200 5537 "-" "Mozilla/5.0 (Windows NT 10.0; WOW64) AppleWebKit/537.36 (KHTML, like Gecko) Chrome/51.0.2704.103 Safari/537.36"
104.131.68.41 - - [03/Feb/2019:07:11:54 +0000] "" 400 0 "-" "-"
104.131.68.41 - - [03/Feb/2019:07:11:54 +0000] "" 400 0 "-" "-"
103.47.93.30 - - [03/Feb/2019:07:29:01 +0000] "GET / HTTP/1.1" 200 5537 "-" "Mozilla/5.0 (Windows NT 10.0; WOW64) AppleWebKit/537.36 (KHTML, like Gecko) Chrome/51.0.2704.103 Safari/537.36"
178.46.152.94 - - [03/Feb/2019:10:07:09 +0000] "GET / HTTP/1.1" 200 5537 "-" "Mozilla/5.0 (Macintosh; Intel Mac OS X 10_11_6) AppleWebKit/601.7.7 (KHTML, like Gecko) Version/9.1.2 Safari/601.7.7"
201.150.151.241 - - [03/Feb/2019:10:38:53 +0000] "GET / HTTP/1.1" 200 5537 "-" "Mozilla/5.0 (Macintosh; Intel Mac OS X 10_11_6) AppleWebKit/601.7.7 (KHTML, like Gecko) Version/9.1.2 Safari/601.7.7"
66.249.69.85 - - [03/Feb/2019:11:56:13 +0000] "GET / HTTP/1.1" 200 5537 "-" "Mozilla/5.0 (Linux; Android 6.0.1; Nexus 5X Build/MMB29P) AppleWebKit/537.36 (KHTML, like Gecko) Chrome/41.0.2272.96 Mobile Safari/537.36 (compatible; Googlebot/2.1; +http://www.google.com/bot.html)"
82.78.95.158 - - [03/Feb/2019:12:47:16 +0000] "GET / HTTP/1.1" 200 5537 "-" "Mozilla/5.0 (Windows NT 6.1; WOW64) AppleWebKit/537.36 (KHTML, like Gecko) Chrome/51.0.2704.103 Safari/537.36"
46.174.10.182 - - [03/Feb/2019:14:45:27 +0000] "GET / HTTP/1.1" 200 5537 "-" "Mozilla/5.0 (Windows NT 10.0; WOW64) AppleWebKit/537.36 (KHTML, like Gecko) Chrome/52.0.2743.116 Safari/537.36"
178.47.142.183 - - [03/Feb/2019:15:09:48 +0000] "GET / HTTP/1.1" 200 5537 "-" "Mozilla/5.0 (Windows NT 6.1; WOW64) AppleWebKit/537.36 (KHTML, like Gecko) Chrome/51.0.2704.103 Safari/537.36"
123.57.254.142 - - [03/Feb/2019:15:27:19 +0000] "" 400 0 "-" "-"
123.57.254.142 - - [03/Feb/2019:15:27:19 +0000] "" 400 0 "-" "-"
123.57.254.142 - - [03/Feb/2019:17:06:47 +0000] "POST /xmlrpc.php" 400 166 "-" "-"
123.57.254.142 - - [03/Feb/2019:17:06:47 +0000] "POST /xmlrpc.php" 400 166 "-" "-"
202.14.12.94 - - [03/Feb/2019:17:24:58 +0000] "GET /tv_gids_test.html HTTP/1.1" 200 28267 "-" "Mozilla/5.0 (compatible; Eyeotabot/1.0; +http://www.eyeota.com)"
104.131.68.41 - - [03/Feb/2019:18:06:24 +0000] "" 400 0 "-" "-"
180.76.15.32 - - [03/Feb/2019:18:06:47 +0000] "GET / HTTP/1.1" 200 5537 "-" "Mozilla/5.0 (compatible; Baiduspider/2.0; +http://www.baidu.com/search/spider.html)"
36.89.253.157 - - [03/Feb/2019:18:48:53 +0000] "GET / HTTP/1.1" 200 5537 "-" "Mozilla/5.0 (Windows NT 6.1; WOW64) AppleWebKit/537.36 (KHTML, like Gecko) Chrome/51.0.2704.103 Safari/537.36"
104.131.68.41 - - [03/Feb/2019:18:58:54 +0000] "" 400 0 "-" "-"
77.171.50.107 - - [03/Feb/2019:21:55:44 +0000] "GET / HTTP/1.0" 200 5537 "-" "-"
177.131.121.228 - - [03/Feb/2019:22:12:40 +0000] "GET / HTTP/1.1" 200 5537 "-" "Mozilla/5.0 (Windows NT 6.1; WOW64) AppleWebKit/537.36 (KHTML, like Gecko) Chrome/51.0.2704.103 Safari/537.36"
189.78.31.219 - - [03/Feb/2019:22:22:50 +0000] "GET / HTTP/1.1" 200 5537 "-" "Mozilla/5.0 (Windows NT 10.0; WOW64) AppleWebKit/537.36 (KHTML, like Gecko) Chrome/51.0.2704.103 Safari/537.36"
177.9.201.214 - - [03/Feb/2019:22:38:51 +0000] "GET / HTTP/1.1" 200 5537 "-" "Mozilla/5.0 (Windows NT 10.0; WOW64) AppleWebKit/537.36 (KHTML, like Gecko) Chrome/52.0.2743.116 Safari/537.36"
177.9.201.214 - - [03/Feb/2019:22:38:51 +0000] "GET / HTTP/1.1" 200 5537 "-" "Mozilla/5.0 (Windows NT 6.1; WOW64) AppleWebKit/537.36 (KHTML, like Gecko) Chrome/51.0.2704.103 Safari/537.36"
2.177.40.82 - - [04/Feb/2019:00:17:48 +0000] "GET / HTTP/1.1" 200 5537 "-" "Mozilla/5.0 (Windows NT 6.1; WOW64) AppleWebKit/537.36 (KHTML, like Gecko) Chrome/51.0.2704.103 Safari/537.36"
202.14.12.94 - - [04/Feb/2019:01:42:31 +0000] "GET /tv_gids_test.html HTTP/1.1" 200 28267 "-" "Mozilla/5.0 (compatible; Eyeotabot/1.0; +http://www.eyeota.com)"
61.19.151.30 - - [04/Feb/2019:02:57:56 +0000] "GET / HTTP/1.1" 200 5537 "-" "Mozilla/5.0 (Macintosh; Intel Mac OS X 10_11_6) AppleWebKit/601.7.7 (KHTML, like Gecko) Version/9.1.2 Safari/601.7.7"
5.202.144.1 - - [04/Feb/2019:03:04:45 +0000] "GET / HTTP/1.1" 200 5537 "-" "Mozilla/5.0 (Windows NT 10.0; WOW64) AppleWebKit/537.36 (KHTML, like Gecko) Chrome/52.0.2743.116 Safari/537.36"
202.14.12.94 - - [04/Feb/2019:03:14:08 +0000] "GET /robots.txt HTTP/1.0" 404 372 "-" "Mozilla/5.0 (compatible; Eyeotabot/1.0; +http://www.eyeota.com)"
202.14.12.94 - - [04/Feb/2019:03:14:09 +0000] "GET /cmp_hb_test.html?pbjs_debug=true HTTP/1.0" 404 378 "-" "Mozilla/5.0 (compatible; Eyeotabot/1.0; +http://www.eyeota.com)"
189.0.198.186 - - [04/Feb/2019:05:55:17 +0000] "GET / HTTP/1.0" 200 220 "-" "Mozilla/5.0 (Windows NT 10.0; WOW64) AppleWebKit/537.36 (KHTML, like Gecko) Chrome/52.0.2743.116 Safari/537.36"
95.59.181.57 - - [04/Feb/2019:06:23:03 +0000] "GET / HTTP/1.0" 200 220 "-" "Mozilla/5.0 (Macintosh; Intel Mac OS X 10_11_6) AppleWebKit/601.7.7 (KHTML, like Gecko) Version/9.1.2 Safari/601.7.7"
185.34.155.9 - - [04/Feb/2019:07:35:16 +0000] "GET / HTTP/1.0" 200 220 "-" "Mozilla/5.0 (Windows NT 6.1; WOW64) AppleWebKit/537.36 (KHTML, like Gecko) Chrome/51.0.2704.103 Safari/537.36"
92.111.119.158 - - [04/Feb/2019:08:17:34 +0000] "GET /wester_jp.html HTTP/1.0" 200 224 "-" "Mozilla/5.0 (Windows NT 10.0; Win64; x64) AppleWebKit/537.36 (KHTML, like Gecko) Chrome/71.0.3578.98 Safari/537.36"
92.111.119.158 - - [04/Feb/2019:08:17:34 +0000] "GET /favicon.png HTTP/1.0" 404 373 "http://productdemos.nl/wester_jp.html" "Mozilla/5.0 (Windows NT 10.0; Win64; x64) AppleWebKit/537.36 (KHTML, like Gecko) Chrome/71.0.3578.98 Safari/537.36"
92.111.119.158 - - [04/Feb/2019:08:17:44 +0000] "GET /wester_jp.html HTTP/1.0" 200 224 "-" "Mozilla/5.0 (Linux; Android 5.0; SM-G900P Build/LRX21T) AppleWebKit/537.36 (KHTML, like Gecko) Chrome/71.0.3578.98 Mobile Safari/537.36"
92.111.119.158 - - [04/Feb/2019:08:31:26 +0000] "GET /wester_jp.html HTTP/1.0" 200 224 "-" "Mozilla/5.0 (Windows NT 10.0; Win64; x64) AppleWebKit/537.36 (KHTML, like Gecko) Chrome/71.0.3578.98 Safari/537.36"
92.111.119.158 - - [04/Feb/2019:08:31:29 +0000] "GET /wester_jp.html HTTP/1.0" 200 224 "-" "Mozilla/5.0 (Windows NT 10.0; Win64; x64) AppleWebKit/537.36 (KHTML, like Gecko) Chrome/71.0.3578.98 Safari/537.36"
92.111.119.158 - - [04/Feb/2019:08:31:35 +0000] "GET /wester_jp.html HTTP/1.0" 200 224 "-" "Mozilla/5.0 (Linux; Android 5.0; SM-G900P Build/LRX21T) AppleWebKit/537.36 (KHTML, like Gecko) Chrome/71.0.3578.98 Mobile Safari/537.36"
92.111.119.158 - - [04/Feb/2019:08:31:45 +0000] "GET /wester_jp.html HTTP/1.0" 200 224 "-" "Mozilla/5.0 (Linux; Android 5.0; SM-G900P Build/LRX21T) AppleWebKit/537.36 (KHTML, like Gecko) Chrome/71.0.3578.98 Mobile Safari/537.36"
92.111.119.158 - - [04/Feb/2019:08:31:53 +0000] "GET /supporters_test_HB.html HTTP/1.0" 200 233 "-" "Mozilla/5.0 (Windows NT 10.0; Win64; x64) AppleWebKit/537.36 (KHTML, like Gecko) Chrome/71.0.3578.98 Safari/537.36"
92.111.119.158 - - [04/Feb/2019:08:31:53 +0000] "GET /supporters_hb_CMP.js HTTP/1.0" 200 243 "http://www.productdemos.nl/supporters_test_HB.html" "Mozilla/5.0 (Windows NT 10.0; Win64; x64) AppleWebKit/537.36 (KHTML, like Gecko) Chrome/71.0.3578.98 Safari/537.36"
92.111.119.158 - - [04/Feb/2019:08:32:03 +0000] "GET /wester_jp.html HTTP/1.0" 200 224 "-" "Mozilla/5.0 (Windows NT 10.0; Win64; x64) AppleWebKit/537.36 (KHTML, like Gecko) Chrome/71.0.3578.98 Safari/537.36"
92.111.119.158 - - [04/Feb/2019:08:32:03 +0000] "GET /favicon.png HTTP/1.0" 404 373 "http://www.productdemos.nl/wester_jp.html" "Mozilla/5.0 (Windows NT 10.0; Win64; x64) AppleWebKit/537.36 (KHTML, like Gecko) Chrome/71.0.3578.98 Safari/537.36"
66.249.66.49 - - [04/Feb/2019:08:32:16 +0000] "GET /robots.txt HTTP/1.0" 404 372 "-" "Mozilla/5.0 (compatible; Googlebot/2.1; +http://www.google.com/bot.html)"
92.111.119.158 - - [04/Feb/2019:08:32:16 +0000] "GET /wester_jp.html HTTP/1.0" 200 224 "-" "Mozilla/5.0 (Linux; Android 5.0; SM-G900P Build/LRX21T) AppleWebKit/537.36 (KHTML, like Gecko) Chrome/71.0.3578.98 Mobile Safari/537.36"
66.249.92.49 - - [04/Feb/2019:08:32:16 +0000] "GET /supporters_test_HB.html HTTP/1.0" 200 233 "-" "Mediapartners-Google"
66.249.66.53 - - [04/Feb/2019:08:32:17 +0000] "GET /supporters_hb_CMP.js HTTP/1.0" 200 243 "http://www.productdemos.nl/supporters_test_HB.html" "Mozilla/5.0 AppleWebKit/537.36 (KHTML, like Gecko; compatible; Googlebot/2.1; +http://www.google.com/bot.html) Safari/537.36"
92.111.119.158 - - [04/Feb/2019:08:32:43 +0000] "GET /wester_jp.html HTTP/1.0" 200 224 "-" "Mozilla/5.0 (Windows NT 10.0; Win64; x64) AppleWebKit/537.36 (KHTML, like Gecko) Chrome/71.0.3578.98 Safari/537.36"
92.111.119.158 - - [04/Feb/2019:08:32:46 +0000] "GET /wester_jp.html HTTP/1.0" 200 224 "-" "Mozilla/5.0 (Windows NT 10.0; Win64; x64) AppleWebKit/537.36 (KHTML, like Gecko) Chrome/71.0.3578.98 Safari/537.36"
66.249.66.51 - - [04/Feb/2019:08:33:06 +0000] "GET /wester_jp.html HTTP/1.0" 200 224 "-" "Mediapartners-Google"
173.252.87.9 - - [04/Feb/2019:08:35:28 +0000] "GET /robots.txt HTTP/1.0" 404 372 "-" "facebookexternalhit/1.1 (+http://www.facebook.com/externalhit_uatext.php)"
92.111.119.158 - - [04/Feb/2019:08:35:40 +0000] "GET /wester_jp.html HTTP/1.0" 200 224 "-" "Mozilla/5.0 (Windows NT 10.0; Win64; x64) AppleWebKit/537.36 (KHTML, like Gecko) Chrome/71.0.3578.98 Safari/537.36"
54.159.167.42 - - [04/Feb/2019:08:35:41 +0000] "GET /robots.txt HTTP/1.0" 404 372 "-" "Mozilla/5.0 (compatible; proximic; +http://www.proximic.com/info/spider.php)"
92.111.119.158 - - [04/Feb/2019:08:35:47 +0000] "GET /wester_jp.html HTTP/1.0" 200 224 "-" "Mozilla/5.0 (Linux; Android 5.0; SM-G900P Build/LRX21T) AppleWebKit/537.36 (KHTML, like Gecko) Chrome/71.0.3578.98 Mobile Safari/537.36"
92.111.119.158 - - [04/Feb/2019:08:35:51 +0000] "GET /wester_jp.html HTTP/1.0" 200 224 "-" "Mozilla/5.0 (Linux; Android 5.0; SM-G900P Build/LRX21T) AppleWebKit/537.36 (KHTML, like Gecko) Chrome/71.0.3578.98 Mobile Safari/537.36"
92.111.119.158 - - [04/Feb/2019:08:36:01 +0000] "GET /wester_jp.html HTTP/1.0" 200 224 "-" "Mozilla/5.0 (Windows NT 10.0; Win64; x64) AppleWebKit/537.36 (KHTML, like Gecko) Chrome/71.0.3578.98 Safari/537.36"
92.111.119.158 - - [04/Feb/2019:08:36:10 +0000] "GET /wester_jp.html HTTP/1.0" 200 224 "-" "Mozilla/5.0 (Linux; Android 5.0; SM-G900P Build/LRX21T) AppleWebKit/537.36 (KHTML, like Gecko) Chrome/71.0.3578.98 Mobile Safari/537.36"
92.111.119.158 - - [04/Feb/2019:08:36:21 +0000] "GET /wester_jp.html HTTP/1.0" 200 224 "-" "Mozilla/5.0 (Linux; Android 5.0; SM-G900P Build/LRX21T) AppleWebKit/537.36 (KHTML, like Gecko) Chrome/71.0.3578.98 Mobile Safari/537.36"
92.111.119.158 - - [04/Feb/2019:08:36:35 +0000] "GET /wester_jp.html HTTP/1.0" 200 224 "-" "Mozilla/5.0 (Linux; Android 5.0; SM-G900P Build/LRX21T) AppleWebKit/537.36 (KHTML, like Gecko) Chrome/71.0.3578.98 Mobile Safari/537.36"
92.111.119.158 - - [04/Feb/2019:08:36:54 +0000] "GET /wester_jp.html HTTP/1.0" 200 224 "-" "Mozilla/5.0 (Linux; Android 5.0; SM-G900P Build/LRX21T) AppleWebKit/537.36 (KHTML, like Gecko) Chrome/71.0.3578.98 Mobile Safari/537.36"
92.111.119.158 - - [04/Feb/2019:08:37:34 +0000] "GET /wester_jp.html HTTP/1.0" 200 224 "-" "Mozilla/5.0 (Linux; Android 5.0; SM-G900P Build/LRX21T) AppleWebKit/537.36 (KHTML, like Gecko) Chrome/71.0.3578.98 Mobile Safari/537.36"
92.111.119.158 - - [04/Feb/2019:08:37:41 +0000] "GET /wester_jp.html HTTP/1.0" 200 224 "-" "Mozilla/5.0 (Windows NT 10.0; Win64; x64) AppleWebKit/537.36 (KHTML, like Gecko) Chrome/71.0.3578.98 Safari/537.36"
184.72.197.140 - - [04/Feb/2019:08:37:49 +0000] "GET /wester_jp.html HTTP/1.0" 200 224 "-" "Mozilla/5.0 (compatible; proximic; +https://www.comscore.com/Web-Crawler)"
92.111.119.158 - - [04/Feb/2019:08:38:26 +0000] "GET /wester_jp.html HTTP/1.0" 200 224 "-" "Mozilla/5.0 (Windows NT 10.0; Win64; x64) AppleWebKit/537.36 (KHTML, like Gecko) Chrome/71.0.3578.98 Safari/537.36"
92.111.119.158 - - [04/Feb/2019:08:38:31 +0000] "GET /wester_jp.html HTTP/1.0" 200 224 "-" "Mozilla/5.0 (Windows NT 10.0; Win64; x64) AppleWebKit/537.36 (KHTML, like Gecko) Chrome/71.0.3578.98 Safari/537.36"
92.111.119.158 - - [04/Feb/2019:08:38:33 +0000] "GET /wester_jp.html HTTP/1.0" 200 224 "-" "Mozilla/5.0 (Windows NT 10.0; Win64; x64) AppleWebKit/537.36 (KHTML, like Gecko) Chrome/71.0.3578.98 Safari/537.36"
92.111.119.158 - - [04/Feb/2019:08:39:28 +0000] "GET /wester_jp.html HTTP/1.0" 200 224 "-" "Mozilla/5.0 (Windows NT 10.0; Win64; x64) AppleWebKit/537.36 (KHTML, like Gecko) Chrome/71.0.3578.98 Safari/537.36"
92.111.119.158 - - [04/Feb/2019:08:39:36 +0000] "GET /wester_jp.html HTTP/1.0" 200 224 "-" "Mozilla/5.0 (Windows NT 10.0; Win64; x64) AppleWebKit/537.36 (KHTML, like Gecko) Chrome/71.0.3578.98 Safari/537.36"
92.111.119.158 - - [04/Feb/2019:08:39:42 +0000] "GET /wester_jp.html HTTP/1.0" 200 224 "-" "Mozilla/5.0 (Windows NT 10.0; Win64; x64) AppleWebKit/537.36 (KHTML, like Gecko) Chrome/71.0.3578.98 Safari/537.36"
173.252.95.2 - - [04/Feb/2019:08:39:53 +0000] "GET /?fbclid=IwAR1lAhfBoEOYnO3Tlyz6Sak0MYsWlrN6xalfT-41LyqxCOiiohDZacf43_Y HTTP/1.0" 200 220 "https://www.facebook.com/" "Mozilla/5.0 (Windows NT 6.1; Win64; x64) AppleWebKit/537.36 (KHTML, like Gecko) Chrome/71.0.3578.98 Safari/537.36"
173.252.95.10 - - [04/Feb/2019:08:39:57 +0000] "GET /favicon.png HTTP/1.0" 404 373 "http://productdemos.nl/?fbclid=IwAR1lAhfBoEOYnO3Tlyz6Sak0MYsWlrN6xalfT-41LyqxCOiiohDZacf43_Y" "Mozilla/5.0 (Windows NT 6.1; Win64; x64) AppleWebKit/537.36 (KHTML, like Gecko) Chrome/71.0.3578.98 Safari/537.36"
92.111.119.158 - - [04/Feb/2019:08:40:20 +0000] "GET /wester_jp.html HTTP/1.0" 200 224 "-" "Mozilla/5.0 (Linux; Android 5.0; SM-G900P Build/LRX21T) AppleWebKit/537.36 (KHTML, like Gecko) Chrome/71.0.3578.98 Mobile Safari/537.36"
92.111.119.158 - - [04/Feb/2019:08:40:37 +0000] "GET /wester_jp.html HTTP/1.0" 200 224 "-" "Mozilla/5.0 (Linux; Android 5.0; SM-G900P Build/LRX21T) AppleWebKit/537.36 (KHTML, like Gecko) Chrome/71.0.3578.98 Mobile Safari/537.36"
92.111.119.158 - - [04/Feb/2019:08:40:48 +0000] "GET /wester_jp.html HTTP/1.0" 200 224 "-" "Mozilla/5.0 (Linux; Android 5.0; SM-G900P Build/LRX21T) AppleWebKit/537.36 (KHTML, like Gecko) Chrome/71.0.3578.98 Mobile Safari/537.36"
92.111.119.158 - - [04/Feb/2019:08:42:30 +0000] "GET /wester_jp.html HTTP/1.0" 200 224 "-" "Mozilla/5.0 (Linux; Android 5.0; SM-G900P Build/LRX21T) AppleWebKit/537.36 (KHTML, like Gecko) Chrome/71.0.3578.98 Mobile Safari/537.36"
92.111.119.158 - - [04/Feb/2019:08:45:05 +0000] "GET /wester_jp.html HTTP/1.0" 200 224 "-" "Mozilla/5.0 (Linux; Android 5.0; SM-G900P Build/LRX21T) AppleWebKit/537.36 (KHTML, like Gecko) Chrome/71.0.3578.98 Mobile Safari/537.36"
66.249.81.24 - - [04/Feb/2019:08:46:14 +0000] "GET /wester_jp.html HTTP/1.0" 200 224 "-" "Mozilla/5.0 (Linux; Android 9; POCOPHONE F1) AppleWebKit/537.36 (KHTML, like Gecko) Chrome/71.0.3578.99 Mobile Safari/537.36"
66.249.81.22 - - [04/Feb/2019:08:46:15 +0000] "GET /favicon.png HTTP/1.0" 404 373 "http://productdemos.nl/wester_jp.html" "Mozilla/5.0 (Linux; Android 9; POCOPHONE F1) AppleWebKit/537.36 (KHTML, like Gecko) Chrome/71.0.3578.99 Mobile Safari/537.36"
